[vinfastdungthobinhxuyen.vn/index.html]
[backblue.gif]
[fade.gif]
[index.html]
[cdn4828.cdn4s7.io.vn/media/san-pham/vf5/vinfast-231207_0079_vf-5-765x430.0.delayed]
[vinfastdungthobinhxuyen.vn/favicon.ico]
[vinfastdungthobinhxuyen.vn/templates/oto03/assets/css/bootstrap.css]
[vinfastdungthobinhxuyen.vn/templates/oto03/assets/css/swiper.css]
[vinfastdungthobinhxuyen.vn/templates/oto03/assets/lib/fontawesome/css/fontawesome.css]
[vinfastdungthobinhxuyen.vn/templates/oto03/assets/lib/fontawesome/css/light.css]
[vinfastdungthobinhxuyen.vn/templates/oto03/assets/lib/fontawesome/css/solid.css]
[vinfastdungthobinhxuyen.vn/templates/oto03/assets/lib/fontawesome/css/brands.css]
[vinfastdungthobinhxuyen.vn/templates/oto03/assets/css/lightgallery.css]
[vinfastdungthobinhxuyen.vn/templates/oto03/assets/css/variable.css]
[vinfastdungthobinhxuyen.vn/templates/oto03/assets/css/compare.css]
[vinfastdungthobinhxuyen.vn/templates/oto03/assets/css/page.css]
[vinfastdungthobinhxuyen.vn/templates/oto03/assets/css/utilities.css]
[vinfastdungthobinhxuyen.vn/templates/oto03/assets/css/custom.css]
[vinfastdungthobinhxuyen.vn/templates/oto03/assets/fonts/fa-light-300.woff2]
[vinfastdungthobinhxuyen.vn/templates/oto03/assets/fonts/fa-light-300.ttf]
[vinfastdungthobinhxuyen.vn/templates/oto03/assets/fonts/fa-solid-900.woff2]
[vinfastdungthobinhxuyen.vn/templates/oto03/assets/fonts/fa-solid-900.ttf]
[vinfastdungthobinhxuyen.vn/templates/oto03/assets/fonts/fa-brands-400.woff2]
[vinfastdungthobinhxuyen.vn/templates/oto03/assets/fonts/fonts/fa-brands-400.ttf]
[cdn4828.cdn4s7.io.vn/media/logo/logo-4.png]
[vinfastdungthobinhxuyen.vn/minio-green.html]
[vinfastdungthobinhxuyen.vn/herio-green.html]
[vinfastdungthobinhxuyen.vn/nerio-green.html]
[vinfastdungthobinhxuyen.vn/limo-green.html]
[vinfastdungthobinhxuyen.vn/vinfast-vf-9.html]
[vinfastdungthobinhxuyen.vn/vinfast-vf-8.html]
[vinfastdungthobinhxuyen.vn/vinfast-vf-7.html]
[vinfastdungthobinhxuyen.vn/vinfast-vf-6.html]
[vinfastdungthobinhxuyen.vn/vinfast-vf-5.html]
[vinfastdungthobinhxuyen.vn/vinfast-vf-3.html]
[vinfastdungthobinhxuyen.vn/tram-sac-va-pin.html]
[vinfastdungthobinhxuyen.vn/tin-tuc.html]
[vinfastdungthobinhxuyen.vn/khuyen-mai.html]
[vinfastdungthobinhxuyen.vn/trai-nghiem-khach-hang.html]
[vinfastdungthobinhxuyen.vn/lien-he.html]
[cdn4828.cdn4s7.io.vn/media/slide/509419401_1029961119352142_81491603323968070_n.jpg]
[cdn4828.cdn4s7.io.vn/media/tin-tuc/hinh-anh-tram-sac-vinfast-02.jpg]
[vinfastdungthobinhxuyen.vn/manh-liet-tinh-than-viet-nam-3-so-huu-xe-dien-chat-uu-dai-sieu-hot-len-toi-4-tri-gia-toi-188-trieu.html]
[vinfastdungthobinhxuyen.vn/vinfast-dung-tho-binh-xuyen-khoi-dau-hanh-trinh-xanh-kien-tao-tuong-lai.html]
[vinfastdungthobinhxuyen.vn/vinfast-dung-tho-cham-moc-vang-50-hop-dong-chi-sau-1-thang-hoat-dong.html]
[cdn4828.cdn4s7.io.vn/media/icon/icons8_facebook_480px.png]
[cdn4828.cdn4s7.io.vn/media/icon/tik-tok_4782345.png]
[cdn4828.cdn4s7.io.vn/media/icon/icons8_youtube_480px_1.png]
[vinfastdungthobinhxuyen.vn/member/forgot-password.html]
[vinfastdungthobinhxuyen.vn/member/register.html]
[vinfastdungthobinhxuyen.vn/_https_/www.googletagmanager.com/ns611e.html]
[vinfastdungthobinhxuyen.vn/templates/oto03/assets/lib/jquery/jquery-3.6.0.min.js]
[vinfastdungthobinhxuyen.vn/templates/oto03/assets/lib/jquery-lazy/jquery.lazy.min.js]
[vinfastdungthobinhxuyen.vn/templates/oto03/assets/lib/jquery-lazy/jquery.lazy.plugins.min.js]
[vinfastdungthobinhxuyen.vn/templates/oto03/assets/lib/jquery/jquery.validate.min.js]
[vinfastdungthobinhxuyen.vn/templates/oto03/assets/lib/jquery/jquery.cookie.min.js]
[vinfastdungthobinhxuyen.vn/templates/oto03/assets/lib/bootstrap/popper.min.js]
[vinfastdungthobinhxuyen.vn/templates/oto03/assets/lib/bootstrap/util.js]
[vinfastdungthobinhxuyen.vn/templates/oto03/assets/lib/bootstrap/dropdown.js]
[vinfastdungthobinhxuyen.vn/templates/oto03/assets/lib/bootstrap/collapse.js]
[vinfastdungthobinhxuyen.vn/templates/oto03/assets/lib/bootstrap/modal.js]
[vinfastdungthobinhxuyen.vn/templates/oto03/assets/lib/bootstrap/toast.js]
[vinfastdungthobinhxuyen.vn/templates/oto03/assets/lib/bootstrap/tab.js]
[vinfastdungthobinhxuyen.vn/templates/oto03/assets/lib/swiper/swiper-bundle.min.js]
[vinfastdungthobinhxuyen.vn/templates/oto03/assets/js/constants.js]
[vinfastdungthobinhxuyen.vn/templates/oto03/assets/js/locales/vi.js]
[vinfastdungthobinhxuyen.vn/templates/oto03/assets/js/lazy.js]
[vinfastdungthobinhxuyen.vn/templates/oto03/assets/lib/lightgallery-all.min.js]
[vinfastdungthobinhxuyen.vn/templates/oto03/assets/js/main.js]
[vinfastdungthobinhxuyen.vn/templates/oto03/assets/js/menu.js]
[vinfastdungthobinhxuyen.vn/templates/oto03/assets/js/search.js]
[vinfastdungthobinhxuyen.vn/templates/oto03/assets/js/product.js]
[vinfastdungthobinhxuyen.vn/templates/oto03/assets/js/order.js]
[vinfastdungthobinhxuyen.vn/templates/oto03/assets/js/wishlist.js]
[vinfastdungthobinhxuyen.vn/templates/oto03/assets/js/compare.js]
[vinfastdungthobinhxuyen.vn/templates/oto03/assets/js/member.js]
[vinfastdungthobinhxuyen.vn/templates/oto03/assets/js/contact.js]
[vinfastdungthobinhxuyen.vn/index.html]
[cdn4828.cdn4s7.io.vn/media/san-pham/vf5/vinfast-231207_0079_vf-5-765x430.html]
[vinfastdungthobinhxuyen.vn/templates/oto03/assets/css/bootstrap.css]
[vinfastdungthobinhxuyen.vn/templates/oto03/assets/css/swiper.css]
[vinfastdungthobinhxuyen.vn/templates/oto03/assets/lib/fontawesome/css/fontawesome.css]
[vinfastdungthobinhxuyen.vn/templates/oto03/assets/lib/fontawesome/css/light.css]
[vinfastdungthobinhxuyen.vn/templates/oto03/assets/lib/fontawesome/css/solid.css]
[vinfastdungthobinhxuyen.vn/templates/oto03/assets/lib/fontawesome/css/brands.css]
[vinfastdungthobinhxuyen.vn/templates/oto03/assets/js/custom.js]
[vinfastdungthobinhxuyen.vn/templates/oto03/assets/css/img/vimeo-play.png]
[vinfastdungthobinhxuyen.vn/templates/oto03/assets/css/img/video-play.png]
[vinfastdungthobinhxuyen.vn/templates/oto03/assets/css/img/youtube-play.png]
[vinfastdungthobinhxuyen.vn/templates/oto03/assets/css/img/loading.gif]
[vinfastdungthobinhxuyen.vn/templates/oto03/assets/css/lightgallery.css]
[vinfastdungthobinhxuyen.vn/templates/oto03/assets/css/variable.css]
[vinfastdungthobinhxuyen.vn/templates/oto03/assets/css/compare.css]
[vinfastdungthobinhxuyen.vn/templates/oto03/assets/img/video-player.svg]
[vinfastdungthobinhxuyen.vn/templates/oto03/assets/img/youtube-logo.svg]
[vinfastdungthobinhxuyen.vn/templates/oto03/assets/img/3d.svg]
[vinfastdungthobinhxuyen.vn/templates/oto03/assets/css/page.css]
[vinfastdungthobinhxuyen.vn/templates/oto03/assets/img/full-screen.svg]
[vinfastdungthobinhxuyen.vn/templates/oto03/assets/css/utilities.css]
[vinfastdungthobinhxuyen.vn/templates/oto03/assets/css/custom.css]
[vinfastdungthobinhxuyen.vn/templates/oto03/assets/fonts/fonts/fa-brands-400.html]
[www.googletagmanager.com/gtm5445.html]
[vinfastdungthobinhxuyen.vn/templates/oto03/assets/img/shopping-basket.svg]
[cdn4828.cdn4s7.io.vn/media/san-pham/green/minio/yellow-1-removebg-preview-1.png]
[vinfastdungthobinhxuyen.vn/templates/oto03/assets/lib/bootstrap-datepicker/bootstrap-datepicker.min.css]
[vinfastdungthobinhxuyen.vn/templates/oto03/assets/lib/bootstrap-select/bootstrap-select.css]
[vinfastdungthobinhxuyen.vn/templates/oto03/assets/lib/jquery-ui/jquery-ui.min.css]
[vinfastdungthobinhxuyen.vn/templates/oto03/assets/css/catalogue.css]
[vinfastdungthobinhxuyen.vn/templates/oto03/assets/css/comment-rating.css]
[vinfastdungthobinhxuyen.vn/templates/oto03/assets/css/member.css]
[vinfastdungthobinhxuyen.vn/templates/oto03/assets/css/order.css]
[vinfastdungthobinhxuyen.vn/dong-xe-green.html]
[cdn4828.cdn4s7.io.vn/media/san-pham/green/minio/silver-1.png]
[cdn4828.cdn4s7.io.vn/media/san-pham/green/minio/red-1.png]
[cdn4828.cdn4s7.io.vn/media/san-pham/green/minio/minio_xanh-la-1.png]
[cdn4828.cdn4s7.io.vn/media/san-pham/green/minio/minio_hong.png]
[cdn4828.cdn4s7.io.vn/media/san-pham/green/minio/black-1.png]
[cdn4828.cdn4s7.io.vn/thumbs/san-pham/green/minio/yellow-1-removebg-preview-1_thumb_150.png]
[cdn4828.cdn4s7.io.vn/thumbs/san-pham/green/minio/silver-1_thumb_150.png]
[cdn4828.cdn4s7.io.vn/thumbs/san-pham/green/minio/red-1_thumb_150.png]
[cdn4828.cdn4s7.io.vn/thumbs/san-pham/green/minio/minio_xanh-la-1_thumb_150.png]
[cdn4828.cdn4s7.io.vn/thumbs/san-pham/green/minio/minio_hong_thumb_150.png]
[cdn4828.cdn4s7.io.vn/thumbs/san-pham/green/minio/black-1_thumb_150.png]
[cdn4828.cdn4s7.io.vn/thumbs/san-pham/green/minio/yellow-1-removebg-preview-1_thumb_50.png]
[cdn4828.cdn4s7.io.vn/thumbs/san-pham/green/minio/silver-1_thumb_50.png]
[cdn4828.cdn4s7.io.vn/thumbs/san-pham/green/minio/red-1_thumb_50.png]
[cdn4828.cdn4s7.io.vn/thumbs/san-pham/green/minio/minio_xanh-la-1_thumb_50.png]
[cdn4828.cdn4s7.io.vn/thumbs/san-pham/green/minio/minio_hong_thumb_50.png]
[cdn4828.cdn4s7.io.vn/thumbs/san-pham/green/minio/black-1_thumb_50.png]
[cdn4828.cdn4s7.io.vn/media/san-pham/green/minio/120325-vfs-green-bg-ppt-post-aaa-no-qr-2.png]
[cdn4828.cdn4s7.io.vn/media/san-pham/green/minio/minio-green-int-blue-front-row-render.png]
[cdn4828.cdn4s7.io.vn/media/san-pham/green/minio/minio-green-int-yellow-second-row-render.png]
[cdn4828.cdn4s7.io.vn/media/san-pham/green/minio/yellow-minio1.png]
[cdn4828.cdn4s7.io.vn/media/san-pham/green/minio/green-minio-1.png]
[cdn4828.cdn4s7.io.vn/media/tit-bg.png]
[vinfastdungthobinhxuyen.vn/templates/oto03/assets/lib/inputmask/jquery.inputmask.min.js]
[vinfastdungthobinhxuyen.vn/templates/oto03/assets/lib/bootstrap-select/bootstrap-select.min.js]
[vinfastdungthobinhxuyen.vn/templates/oto03/assets/lib/bootstrap-datepicker/bootstrap-datepicker.min.js]
[vinfastdungthobinhxuyen.vn/templates/oto03/assets/lib/bootstrap-datepicker/locales/vi.js]
[vinfastdungthobinhxuyen.vn/templates/oto03/assets/lib/tocbot/tocbot.min.js]
[vinfastdungthobinhxuyen.vn/templates/oto03/assets/js/catalogue.js]
[vinfastdungthobinhxuyen.vn/minio-green.html]
[vinfastdungthobinhxuyen.vn/templates/oto03/assets/js/comment.js]
[cdn4828.cdn4s7.io.vn/media/san-pham/green/herio/red-herio-removebg-preview.png]
[cdn4828.cdn4s7.io.vn/media/san-pham/green/herio/artboard-7.png]
[cdn4828.cdn4s7.io.vn/media/san-pham/green/herio/artboard-1.png]
[cdn4828.cdn4s7.io.vn/media/san-pham/green/herio/artboard-11.png]
[cdn4828.cdn4s7.io.vn/thumbs/san-pham/green/herio/red-herio-removebg-preview_thumb_150.png]
[cdn4828.cdn4s7.io.vn/thumbs/san-pham/green/herio/artboard-7_thumb_150.png]
[cdn4828.cdn4s7.io.vn/thumbs/san-pham/green/herio/artboard-1_thumb_150.png]
[cdn4828.cdn4s7.io.vn/thumbs/san-pham/green/herio/artboard-11_thumb_150.png]
[cdn4828.cdn4s7.io.vn/thumbs/san-pham/green/herio/red-herio-removebg-preview_thumb_50.png]
[cdn4828.cdn4s7.io.vn/thumbs/san-pham/green/herio/artboard-7_thumb_50.png]
[cdn4828.cdn4s7.io.vn/thumbs/san-pham/green/herio/artboard-1_thumb_50.png]
[cdn4828.cdn4s7.io.vn/thumbs/san-pham/green/herio/artboard-11_thumb_50.png]
[cdn4828.cdn4s7.io.vn/media/san-pham/green/herio/chih-sach-ban-hang-herio-copy.png]
[cdn4828.cdn4s7.io.vn/media/san-pham/green/herio/red-herio.png]
[cdn4828.cdn4s7.io.vn/media/san-pham/green/herio/silver-herio.png]
[cdn4828.cdn4s7.io.vn/media/san-pham/green/herio/yellow-herio.png]
[cdn4828.cdn4s7.io.vn/media/san-pham/green/herio/black-herio.png]
[vinfastdungthobinhxuyen.vn/herio-green.html]
[cdn4828.cdn4s7.io.vn/media/san-pham/green/nerio/artboard-12__1_-removebg-preview.png]
[cdn4828.cdn4s7.io.vn/media/san-pham/green/nerio/artboard-17.png]
[cdn4828.cdn4s7.io.vn/media/san-pham/green/nerio/artboard-2.png]
[cdn4828.cdn4s7.io.vn/media/san-pham/green/nerio/artboard-7.png]
[cdn4828.cdn4s7.io.vn/thumbs/san-pham/green/nerio/artboard-12__1_-removebg-preview_thumb_150.png]
[cdn4828.cdn4s7.io.vn/thumbs/san-pham/green/nerio/artboard-17_thumb_150.png]
[cdn4828.cdn4s7.io.vn/thumbs/san-pham/green/nerio/artboard-2_thumb_150.png]
[cdn4828.cdn4s7.io.vn/thumbs/san-pham/green/nerio/artboard-7_thumb_150.png]
[cdn4828.cdn4s7.io.vn/thumbs/san-pham/green/nerio/artboard-12__1_-removebg-preview_thumb_50.png]
[cdn4828.cdn4s7.io.vn/thumbs/san-pham/green/nerio/artboard-17_thumb_50.png]
[cdn4828.cdn4s7.io.vn/thumbs/san-pham/green/nerio/artboard-2_thumb_50.png]
[cdn4828.cdn4s7.io.vn/thumbs/san-pham/green/nerio/artboard-7_thumb_50.png]
[vinfastdungthobinhxuyen.vn/nerio-green.html]
[cdn4828.cdn4s7.io.vn/media/san-pham/green/nerio/nerio-3.png]
[cdn4828.cdn4s7.io.vn/media/san-pham/green/limo/artboard-12-removebg-preview.png]
[cdn4828.cdn4s7.io.vn/media/san-pham/green/limo/artboard-18.png]
[cdn4828.cdn4s7.io.vn/media/san-pham/green/limo/artboard-1.png]
[cdn4828.cdn4s7.io.vn/media/san-pham/green/limo/artboard-7.png]
[cdn4828.cdn4s7.io.vn/thumbs/san-pham/green/limo/artboard-12-removebg-preview_thumb_150.png]
[cdn4828.cdn4s7.io.vn/thumbs/san-pham/green/limo/artboard-18_thumb_150.png]
[cdn4828.cdn4s7.io.vn/thumbs/san-pham/green/limo/artboard-1_thumb_150.png]
[cdn4828.cdn4s7.io.vn/thumbs/san-pham/green/limo/artboard-7_thumb_150.png]
[cdn4828.cdn4s7.io.vn/thumbs/san-pham/green/limo/artboard-12-removebg-preview_thumb_50.png]
[cdn4828.cdn4s7.io.vn/thumbs/san-pham/green/limo/artboard-18_thumb_50.png]
[cdn4828.cdn4s7.io.vn/thumbs/san-pham/green/limo/artboard-1_thumb_50.png]
[cdn4828.cdn4s7.io.vn/thumbs/san-pham/green/limo/artboard-7_thumb_50.png]
[cdn4828.cdn4s7.io.vn/media/san-pham/green/limo/limo-red-2.jpg]
[vinfastdungthobinhxuyen.vn/limo-green.html]
[vinfastdungthobinhxuyen.vn/oto-vinfast.html]
[cdn4828.cdn4s7.io.vn/media/san-pham/vf9/vinfast-231207_0083_vf-9-blue.png]
[cdn4828.cdn4s7.io.vn/media/san-pham/vf9/download_4.png]
[cdn4828.cdn4s7.io.vn/thumbs/san-pham/vf9/vinfast-231207_0083_vf-9-blue_thumb_150.png]
[cdn4828.cdn4s7.io.vn/thumbs/san-pham/vf9/download_4_thumb_150.png]
[cdn4828.cdn4s7.io.vn/thumbs/san-pham/vf9/vinfast-231207_0083_vf-9-blue_thumb_50.png]
[vinfastnguyenvanlinh.com.vn/wp-content/uploads/2022/08/vinfast-vf-9-01.jpg]
[vinfastnguyenvanlinh.com.vn/wp-content/uploads/2022/08/vinfast-vf-9-18.jpg]
[vinfastnguyenvanlinh.com.vn/wp-content/uploads/2022/08/vinfast-vf-9-16.jpg]
[vinfastnguyenvanlinh.com.vn/wp-content/uploads/2022/08/vinfast-vf-9-04.jpg]
[vinfastnguyenvanlinh.com.vn/wp-content/uploads/2022/08/vinfast-vf-9-17.jpg]
[vinfastnguyenvanlinh.com.vn/wp-content/uploads/2022/08/vinfast-vf-9-07.jpg]
[vinfastnguyenvanlinh.com.vn/wp-content/uploads/2022/08/vinfast-vf-9-15.jpg]
[vinfastnguyenvanlinh.com.vn/wp-content/uploads/2022/08/vinfast-vf-9-08.jpg]
[vinfastnguyenvanlinh.com.vn/wp-content/uploads/2022/08/vinfast-vf-9-10.jpg]
[vinfastnguyenvanlinh.com.vn/wp-content/uploads/2022/08/vinfast-vf-9-11.jpg]
[vinfastnguyenvanlinh.com.vn/wp-content/uploads/2022/08/vinfast-vf-9-13.jpg]
[vinfastnguyenvanlinh.com.vn/wp-content/uploads/2022/08/vinfast-vf-9-12.jpg]
[vinfastdungthobinhxuyen.vn/vinfast-vf-9.html]
[cdn4828.cdn4s7.io.vn/media/san-pham/vf8/download_1.png]
[cdn4828.cdn4s7.io.vn/media/san-pham/vf8/download_6.png]
[cdn4828.cdn4s7.io.vn/media/san-pham/vf8/download_5.png]
[cdn4828.cdn4s7.io.vn/media/san-pham/vf8/download_4.png]
[cdn4828.cdn4s7.io.vn/thumbs/san-pham/vf8/download_1_thumb_150.png]
[cdn4828.cdn4s7.io.vn/thumbs/san-pham/vf8/download_6_thumb_150.png]
[cdn4828.cdn4s7.io.vn/thumbs/san-pham/vf8/download_5_thumb_150.png]
[cdn4828.cdn4s7.io.vn/thumbs/san-pham/vf8/download_4_thumb_150.png]
[cdn4828.cdn4s7.io.vn/thumbs/san-pham/vf8/download_6_thumb_50.png]
[cdn4828.cdn4s7.io.vn/thumbs/san-pham/vf8/download_5_thumb_50.png]
[cdn4828.cdn4s7.io.vn/thumbs/san-pham/vf8/download_4_thumb_50.png]
[vinfastnguyenvanlinh.com.vn/wp-content/uploads/2022/08/vinfast-vf-8_0012_13.jpg]
[vinfastnguyenvanlinh.com.vn/wp-content/uploads/2022/08/vinfast-vf-8_0001_2.jpg]
[vinfastnguyenvanlinh.com.vn/wp-content/uploads/2022/08/vinfast-vf-8_0013_14.jpg]
[vinfastnguyenvanlinh.com.vn/wp-content/uploads/2022/08/vinfast-vf-8_0004_5.jpg]
[vinfastnguyenvanlinh.com.vn/wp-content/uploads/2022/08/vinfast-vf-8_0011_12.jpg]
[vinfastnguyenvanlinh.com.vn/wp-content/uploads/2022/08/vinfast-vf-8_0006_v.jpg]
[vinfastnguyenvanlinh.com.vn/wp-content/uploads/2022/08/vinfast-vf-8_0005_v.jpg]
[vinfastnguyenvanlinh.com.vn/wp-content/uploads/2022/08/vinfast-vf-8_0004_v.jpg]
[vinfastdungthobinhxuyen.vn/vinfast-vf-8.html]
[cdn4828.cdn4s7.io.vn/media/san-pham/vf7/vf7-crimson-red.png]
[cdn4828.cdn4s7.io.vn/media/san-pham/vf7/vf7-jetblack.png]
[cdn4828.cdn4s7.io.vn/media/san-pham/vf7/vf7-deep-ocean.png]
[cdn4828.cdn4s7.io.vn/media/san-pham/vf7/vf7-vf-blue.png]
[cdn4828.cdn4s7.io.vn/media/san-pham/vf7/vf7-grey.png]
[cdn4828.cdn4s7.io.vn/media/san-pham/vf7/vf7-brahminy-white.png]
[cdn4828.cdn4s7.io.vn/thumbs/san-pham/vf7/vf7-crimson-red_thumb_150.png]
[cdn4828.cdn4s7.io.vn/thumbs/san-pham/vf7/vf7-jetblack_thumb_150.png]
[cdn4828.cdn4s7.io.vn/thumbs/san-pham/vf7/vf7-deep-ocean_thumb_150.png]
[cdn4828.cdn4s7.io.vn/thumbs/san-pham/vf7/vf7-vf-blue_thumb_150.png]
[cdn4828.cdn4s7.io.vn/thumbs/san-pham/vf7/vf7-grey_thumb_150.png]
[cdn4828.cdn4s7.io.vn/thumbs/san-pham/vf7/vf7-brahminy-white_thumb_150.png]
[cdn4828.cdn4s7.io.vn/thumbs/san-pham/vf7/vf7-crimson-red_thumb_50.png]
[cdn4828.cdn4s7.io.vn/thumbs/san-pham/vf7/vf7-jetblack_thumb_50.png]
[cdn4828.cdn4s7.io.vn/thumbs/san-pham/vf7/vf7-deep-ocean_thumb_50.png]
[cdn4828.cdn4s7.io.vn/thumbs/san-pham/vf7/vf7-vf-blue_thumb_50.png]
[cdn4828.cdn4s7.io.vn/thumbs/san-pham/vf7/vf7-grey_thumb_50.png]
[cdn4828.cdn4s7.io.vn/thumbs/san-pham/vf7/vf7-brahminy-white_thumb_50.png]
[vinfastdungthobinhxuyen.vn/vinfast-vf-7.html]
[cdn4828.cdn4s7.io.vn/media/san-pham/vf6/download.png]
[cdn4828.cdn4s7.io.vn/media/san-pham/vf6/trang-1-600x338.png]
[cdn4828.cdn4s7.io.vn/media/san-pham/vf6/vf6-trang-600x338.png]
[cdn4828.cdn4s7.io.vn/media/san-pham/vf6/blue-600x338.png]
[cdn4828.cdn4s7.io.vn/media/san-pham/vf6/deep-600x338.png]
[cdn4828.cdn4s7.io.vn/thumbs/san-pham/vf6/download_thumb_150.png]
[cdn4828.cdn4s7.io.vn/thumbs/san-pham/vf6/trang-1-600x338_thumb_150.png]
[cdn4828.cdn4s7.io.vn/thumbs/san-pham/vf6/vf6-trang-600x338_thumb_150.png]
[cdn4828.cdn4s7.io.vn/thumbs/san-pham/vf6/blue-600x338_thumb_150.png]
[cdn4828.cdn4s7.io.vn/thumbs/san-pham/vf6/deep-600x338_thumb_150.png]
[cdn4828.cdn4s7.io.vn/thumbs/san-pham/vf6/download_thumb_50.png]
[cdn4828.cdn4s7.io.vn/thumbs/san-pham/vf6/trang-1-600x338_thumb_50.png]
[cdn4828.cdn4s7.io.vn/thumbs/san-pham/vf6/vf6-trang-600x338_thumb_50.png]
[cdn4828.cdn4s7.io.vn/thumbs/san-pham/vf6/blue-600x338_thumb_50.png]
[cdn4828.cdn4s7.io.vn/thumbs/san-pham/vf6/deep-600x338_thumb_50.png]
[cdn4828.cdn4s7.io.vn/media/san-pham/vf6/vf6-lifestyle-02.jpg]
[cdn4828.cdn4s7.io.vn/media/san-pham/vf6/vf6-lifestyle-06.jpg]
[cdn4828.cdn4s7.io.vn/media/san-pham/vf6/interior-vf6-1.jpg]
[cdn4828.cdn4s7.io.vn/media/san-pham/vf6/vf6-lifestyle-03.jpg]
[cdn4828.cdn4s7.io.vn/media/san-pham/vf6/technology-vf6-4.jpg]
[vinfastdungthobinhxuyen.vn/vinfast-vf-6.html]
[cdn4828.cdn4s7.io.vn/media/san-pham/green/nerio/artboard-7-removebg-preview.png]
[cdn4828.cdn4s7.io.vn/media/san-pham/vf5/vf5-blue-vinfast.png]
[cdn4828.cdn4s7.io.vn/media/san-pham/vf5/vf5-blanc.png]
[cdn4828.cdn4s7.io.vn/media/san-pham/vf5/vf5-zenith.png]
[cdn4828.cdn4s7.io.vn/thumbs/san-pham/green/nerio/artboard-7-removebg-preview_thumb_150.png]
[cdn4828.cdn4s7.io.vn/thumbs/san-pham/vf5/vf5-blue-vinfast_thumb_150.png]
[cdn4828.cdn4s7.io.vn/thumbs/san-pham/vf5/vf5-blanc_thumb_150.png]
[cdn4828.cdn4s7.io.vn/thumbs/san-pham/vf5/vf5-zenith_thumb_150.png]
[cdn4828.cdn4s7.io.vn/thumbs/san-pham/green/nerio/artboard-7-removebg-preview_thumb_50.png]
[cdn4828.cdn4s7.io.vn/thumbs/san-pham/vf5/vf5-blue-vinfast_thumb_50.png]
[cdn4828.cdn4s7.io.vn/thumbs/san-pham/vf5/vf5-blanc_thumb_50.png]
[cdn4828.cdn4s7.io.vn/thumbs/san-pham/vf5/vf5-zenith_thumb_50.png]
[vinfastdungthobinhxuyen.vn/vinfast-vf-5.html]
[cdn4828.cdn4s7.io.vn/media/san-pham/vf3/vf3-summer.png]
[cdn4828.cdn4s7.io.vn/media/san-pham/vf3/vf3-electric-blue.png]
[cdn4828.cdn4s7.io.vn/media/san-pham/vf3/vf3-rose-pink.png]
[cdn4828.cdn4s7.io.vn/media/san-pham/vf3/iris-berry.png]
[cdn4828.cdn4s7.io.vn/media/san-pham/vf3/grey-vf3.png]
[cdn4828.cdn4s7.io.vn/media/san-pham/vf3/vf3-aquatic.png]
[cdn4828.cdn4s7.io.vn/media/san-pham/vf3/vf3-urban.png]
[cdn4828.cdn4s7.io.vn/media/san-pham/vf3/vf3-blanc.png]
[cdn4828.cdn4s7.io.vn/media/san-pham/vf3/vf3-crimson.png]
[cdn4828.cdn4s7.io.vn/thumbs/san-pham/vf3/vf3-summer_thumb_150.png]
[cdn4828.cdn4s7.io.vn/thumbs/san-pham/vf3/vf3-electric-blue_thumb_150.png]
[cdn4828.cdn4s7.io.vn/thumbs/san-pham/vf3/vf3-rose-pink_thumb_150.png]
[cdn4828.cdn4s7.io.vn/thumbs/san-pham/vf3/iris-berry_thumb_150.png]
[cdn4828.cdn4s7.io.vn/thumbs/san-pham/vf3/grey-vf3_thumb_150.png]
[cdn4828.cdn4s7.io.vn/thumbs/san-pham/vf3/vf3-aquatic_thumb_150.png]
[cdn4828.cdn4s7.io.vn/thumbs/san-pham/vf3/vf3-urban_thumb_150.png]
[cdn4828.cdn4s7.io.vn/thumbs/san-pham/vf3/vf3-blanc_thumb_150.png]
[cdn4828.cdn4s7.io.vn/thumbs/san-pham/vf3/vf3-crimson_thumb_150.png]
[cdn4828.cdn4s7.io.vn/thumbs/san-pham/vf3/vf3-summer_thumb_50.png]
[cdn4828.cdn4s7.io.vn/thumbs/san-pham/vf3/vf3-electric-blue_thumb_50.png]
[cdn4828.cdn4s7.io.vn/thumbs/san-pham/vf3/vf3-rose-pink_thumb_50.png]
[cdn4828.cdn4s7.io.vn/thumbs/san-pham/vf3/iris-berry_thumb_50.png]
[cdn4828.cdn4s7.io.vn/thumbs/san-pham/vf3/grey-vf3_thumb_50.png]
[cdn4828.cdn4s7.io.vn/thumbs/san-pham/vf3/vf3-aquatic_thumb_50.png]
[cdn4828.cdn4s7.io.vn/thumbs/san-pham/vf3/vf3-urban_thumb_50.png]
[cdn4828.cdn4s7.io.vn/thumbs/san-pham/vf3/vf3-blanc_thumb_50.png]
[cdn4828.cdn4s7.io.vn/thumbs/san-pham/vf3/vf3-crimson_thumb_50.png]
[vinfastdungthobinhxuyen.vn/vinfast-vf-3.html]
[vinfastdungthobinhxuyen.vn/he-thong-tram-sac.html]
[vinfastdungthobinhxuyen.vn/thiet-bi-sac-di-dong.html]
[vinfastdungthobinhxuyen.vn/goi-thue-bao-pin-uu-viet.html]
[vinfastdungthobinhxuyen.vn/pin-va-tram-sac-o-to-dien.html]
[vinfastdungthobinhxuyen.vn/tram-sac-va-pin.html]
[vinfastdungthobinhxuyen.vn/huong-dan-su-dung-tram-sac.html]
[vinfastdungthobinhxuyen.vn/chuc-mung-khach-hang-nhan-xe-tai-vinfast-dung-tho-binh-xuyen.html]
[vinfastdungthobinhxuyen.vn/tin-tuc.html]
[vinfastdungthobinhxuyen.vn/vinfast-dung-tho-binh-xuyen-xin-gui-loi-cam-on-chan-thanh-den-quy-khach-hang.html]
[vinfastdungthobinhxuyen.vn/chinh-sach-gia-ban-cac-dong-xe-o-to-dien-vinfast-tai-thi-truong-viet-nam.html]
[vinfastdungthobinhxuyen.vn/khach-do-xo-mua-o-to-dien-truoc-khi-uu-dai-phi-truoc-ba-0-ket-thuc.html]
[vinfastdungthobinhxuyen.vn/thong-bao-vinfast-thay-doi-ve-chinh-sach-gia-ban-thue-pin-trang-bi-tuy-chon-cua-mot-so-dong-xe.html]
[vinfastdungthobinhxuyen.vn/vinfast-mien-phi-sac-pin-cho-tat-ca-o-to-dien-den-ngay-30062027.html]
[vinfastdungthobinhxuyen.vn/khuyen-mai.html]
[vinfastdungthobinhxuyen.vn/chinh-sach-ban-hang-o-to-vinfast-thang-122024.html]
[vinfastdungthobinhxuyen.vn/dich-vu-sua-chua.html]
[vinfastdungthobinhxuyen.vn/bao-duong-dinh-ky.html]
[vinfastdungthobinhxuyen.vn/trai-nghiem-khach-hang.html]
[vinfastdungthobinhxuyen.vn/bao-hanh-sua-chua.html]
[cdn4828.cdn4s7.io.vn/media/slide/vinfast-vf8-vf9.jpg]
[vinfastdungthobinhxuyen.vn/lien-he.html]
[cdn4828.cdn4s7.io.vn/media/tin-tuc/501153503_122128013960727962_6885296260152929658_n.jpg]
[cdn4828.cdn4s7.io.vn/media/tin-tuc/501276280_122128013966727962_4279766360150223674_n.jpg]
[cdn4828.cdn4s7.io.vn/media/tin-tuc/508775283_122128013858727962_4109136227616062052_n.jpg]
[cdn4828.cdn4s7.io.vn/media/tin-tuc/509077528_122128014020727962_6687601970277921376_n.jpg]
[cdn4828.cdn4s7.io.vn/media/tin-tuc/509441228_122128013882727962_5689688397782706430_n.jpg]
[cdn4828.cdn4s7.io.vn/media/tin-tuc/510584003_122128013876727962_5118326209289456541_n.jpg]
[vinfastdungthobinhxuyen.vn/manh-liet-tinh-than-viet-nam-3-so-huu-xe-dien-chat-uu-dai-sieu-hot-len-toi-4-tri-gia-toi-188-trieu.html]
[cdn4828.cdn4s7.io.vn/media/ban-giao-xe/488909833_122116932446727962_316787562816853122_n.jpg]
[cdn4828.cdn4s7.io.vn/media/ban-giao-xe/1.jpg]
[cdn4828.cdn4s7.io.vn/media/ban-giao-xe/2.jpg]
[cdn4828.cdn4s7.io.vn/media/ban-giao-xe/4.jpg]
[cdn4828.cdn4s7.io.vn/media/ban-giao-xe/5.jpg]
[vinfastdungthobinhxuyen.vn/vinfast-dung-tho-binh-xuyen-khoi-dau-hanh-trinh-xanh-kien-tao-tuong-lai.html]
[cdn4828.cdn4s7.io.vn/media/tin-tuc/490595961_122118599570727962_1036446567640662124_n.jpg]
[vinfastdungthobinhxuyen.vn/vinfast-dung-tho-cham-moc-vang-50-hop-dong-chi-sau-1-thang-hoat-dong.html]
[vinfastdungthobinhxuyen.vn/member/forgot-password.html]
[vinfastdungthobinhxuyen.vn/member/register.html]
[vinfastdungthobinhxuyen.vn/_https_/www.googletagmanager.com/ns611e.html]
[vinfastdungthobinhxuyen.vn/templates/oto03/assets/css/img/vimeo-play.html]
[vinfastdungthobinhxuyen.vn/templates/oto03/assets/css/img/video-play.html]
[vinfastdungthobinhxuyen.vn/templates/oto03/assets/css/img/youtube-play.html]
[vinfastdungthobinhxuyen.vn/templates/oto03/assets/css/img/loading.html]
[vinfastdungthobinhxuyen.vn/templates/oto03/assets/img/video-player.svg]
[vinfastdungthobinhxuyen.vn/templates/oto03/assets/img/youtube-logo.svg]
[vinfastdungthobinhxuyen.vn/templates/oto03/assets/img/3d.svg]
[vinfastdungthobinhxuyen.vn/templates/oto03/assets/img/full-screen.svg]
[vinfastdungthobinhxuyen.vn/templates/oto03/assets/img/shopping-basket.svg]
[vinfastdungthobinhxuyen.vn/templates/oto03/assets/lib/bootstrap-datepicker/bootstrap-datepicker.min.css]
[vinfastdungthobinhxuyen.vn/templates/oto03/assets/lib/bootstrap-select/bootstrap-select.css]
[vinfastdungthobinhxuyen.vn/member/login.html]
[vinfastdungthobinhxuyen.vn/templates/oto03/assets/lib/jquery-ui/images/ui-icons_444444_256x240.png]
[vinfastdungthobinhxuyen.vn/templates/oto03/assets/lib/jquery-ui/images/ui-icons_555555_256x240.png]
[vinfastdungthobinhxuyen.vn/templates/oto03/assets/lib/jquery-ui/images/ui-icons_ffffff_256x240.png]
[vinfastdungthobinhxuyen.vn/templates/oto03/assets/lib/jquery-ui/images/ui-icons_777620_256x240.png]
[vinfastdungthobinhxuyen.vn/templates/oto03/assets/lib/jquery-ui/images/ui-icons_cc0000_256x240.png]
[vinfastdungthobinhxuyen.vn/templates/oto03/assets/lib/jquery-ui/images/ui-icons_777777_256x240.png]
[vinfastdungthobinhxuyen.vn/templates/oto03/assets/lib/jquery-ui/jquery-ui.min.css]
[vinfastdungthobinhxuyen.vn/templates/oto03/assets/css/catalogue.css]
[vinfastdungthobinhxuyen.vn/templates/oto03/assets/css/comment-rating.css]
[vinfastdungthobinhxuyen.vn/templates/oto03/assets/css/member.css]
[vinfastdungthobinhxuyen.vn/templates/oto03/assets/css/order.css]
[vinfastdungthobinhxuyen.vn/dong-xe-green.html]
[cdn4828.cdn4s7.io.vn/media/tit-bg.html]
[vinfastdungthobinhxuyen.vn/oto-vinfast.html]
[cdn4828.cdn4s7.io.vn/media/tin-tuc/hinh-anh-tram-sac-vinfast.jpg]
[vinfastnguyenvanlinh.com.vn/wp-content/uploads/2022/08/Hinh-anh-tram-sac-VinFast.jpg]
[vinfastdungthobinhxuyen.vn/he-thong-tram-sac.html]
[cdn4828.cdn4s7.io.vn/media/tin-tuc/charger-device.jpg]
[vinfastnguyenvanlinh.com.vn/wp-content/uploads/2022/08/Thiet-bi-sac-di-dong-02.jpg]
[vinfastnguyenvanlinh.com.vn/wp-content/uploads/2022/08/pin-sac-07.jpg]
[vinfastnguyenvanlinh.com.vn/wp-content/uploads/2022/08/pin-sac-08.jpg]
[vinfastdungthobinhxuyen.vn/thiet-bi-sac-di-dong.html]
[cdn4828.cdn4s7.io.vn/media/tin-tuc/download_1.jpg]
[vinfastnguyenvanlinh.com.vn/wp-content/uploads/2022/08/pin-sac-o-to.jpg]
[vinfastdungthobinhxuyen.vn/goi-thue-bao-pin-uu-viet.html]
[vinfastnguyenvanlinh.com.vn/wp-content/uploads/2022/08/pin-sac-02.jpg]
[vinfastdungthobinhxuyen.vn/pin-va-tram-sac-o-to-dien.html]
[vinfastnguyenvanlinh.com.vn/wp-content/uploads/2022/08/pin-tramsac-4_1660273675.png]
[cdn4828.cdn4s7.io.vn/media/tin-tuc/download.jpg]
[vinfastdungthobinhxuyen.vn/huong-dan-su-dung-tram-sac.html]
[cdn4828.cdn4s7.io.vn/media/ban-giao-xe/488183842_122116932422727962_2720190439137597246_n.jpg]
[cdn4828.cdn4s7.io.vn/media/ban-giao-xe/488209530_122116932470727962_7654856282970665994_n.jpg]
[cdn4828.cdn4s7.io.vn/media/ban-giao-xe/488887412_122116932416727962_4890069961853881708_n.jpg]
[cdn4828.cdn4s7.io.vn/media/ban-giao-xe/485137029_122114688782727962_1738516148142887923_n_1.jpg]
[vinfastdungthobinhxuyen.vn/chuc-mung-khach-hang-nhan-xe-tai-vinfast-dung-tho-binh-xuyen.html]
[cdn4828.cdn4s7.io.vn/media/tin-tuc/cam-on-khach-hang.jpg]
[cdn4828.cdn4s7.io.vn/media/tin-tuc/cam-on-khach-hang-1.jpg]
[cdn4828.cdn4s7.io.vn/media/tin-tuc/cam-on-khach-hang-2.jpg]
[cdn4828.cdn4s7.io.vn/media/tin-tuc/cam-on-khach-hang-3.jpg]
[cdn4828.cdn4s7.io.vn/media/tin-tuc/cam-on-khach-hang-4.jpg]
[cdn4828.cdn4s7.io.vn/media/tin-tuc/cam-on-khach-hang-5.jpg]
[cdn4828.cdn4s7.io.vn/media/tin-tuc/cam-on-khach-hang-6.jpg]
[cdn4828.cdn4s7.io.vn/thumbs/tin-tuc/cam-on-khach-hang-1_thumb_150.jpg]
[cdn4828.cdn4s7.io.vn/thumbs/tin-tuc/cam-on-khach-hang-2_thumb_150.jpg]
[cdn4828.cdn4s7.io.vn/thumbs/tin-tuc/cam-on-khach-hang-3_thumb_150.jpg]
[cdn4828.cdn4s7.io.vn/thumbs/tin-tuc/cam-on-khach-hang-4_thumb_150.jpg]
[cdn4828.cdn4s7.io.vn/thumbs/tin-tuc/cam-on-khach-hang-5_thumb_150.jpg]
[cdn4828.cdn4s7.io.vn/thumbs/tin-tuc/cam-on-khach-hang-6_thumb_150.jpg]
[cdn4828.cdn4s7.io.vn/thumbs/tin-tuc/cam-on-khach-hang-1_thumb_350.jpg]
[cdn4828.cdn4s7.io.vn/thumbs/tin-tuc/cam-on-khach-hang-2_thumb_350.jpg]
[cdn4828.cdn4s7.io.vn/thumbs/tin-tuc/cam-on-khach-hang-3_thumb_350.jpg]
[cdn4828.cdn4s7.io.vn/thumbs/tin-tuc/cam-on-khach-hang-4_thumb_350.jpg]
[cdn4828.cdn4s7.io.vn/thumbs/tin-tuc/cam-on-khach-hang-5_thumb_350.jpg]
[cdn4828.cdn4s7.io.vn/thumbs/tin-tuc/cam-on-khach-hang-6_thumb_350.jpg]
[vinfastdungthobinhxuyen.vn/vinfast-dung-tho-binh-xuyen-xin-gui-loi-cam-on-chan-thanh-den-quy-khach-hang.html]
[cdn4828.cdn4s7.io.vn/media/tin-tuc/bang-gia-xe-t32025.jpg]
[vinfastdungthobinhxuyen.vn/chinh-sach-gia-ban-cac-dong-xe-o-to-dien-vinfast-tai-thi-truong-viet-nam.html]
[media.vov.vn/sites/default/files/styles/large/public/2025-02/z6296553577103_7e1f156e60ea8905dfd44000007ef149.jpg]
[media.vov.vn/sites/default/files/styles/large/public/2025-02/476085702_1827842198054160_2336424004094836350_n.jpg]
[media.vov.vn/sites/default/files/styles/large/public/2025-02/473775783_1164098948910244_9148173711260755455_n.jpg]
[vinfastdungthobinhxuyen.vn/khach-do-xo-mua-o-to-dien-truoc-khi-uu-dai-phi-truoc-ba-0-ket-thuc.html]
[cdn4828.cdn4s7.io.vn/media/tin-tuc/vfnvl_csbh-t1-2025.jpg]
[vinfastdungthobinhxuyen.vn/tag/chinh-sach-ban-hang-thang-1.html]
[vinfastdungthobinhxuyen.vn/thong-bao-vinfast-thay-doi-ve-chinh-sach-gia-ban-thue-pin-trang-bi-tuy-chon-cua-mot-so-dong-xe.html]
[vinfastdungthobinhxuyen.vn/tag/chinh-sach-thue-pin.html]
[cdn4828.cdn4s7.io.vn/media/tin-tuc/vinfast-mien-phi-sac-pin-den-2027.jpg]
[cmu-cdn.vinfast.vn/2024/11/97002f2f-qrforum1.png]
[vinfastdungthobinhxuyen.vn/vinfast-mien-phi-sac-pin-cho-tat-ca-o-to-dien-den-ngay-30062027.html]
[cdn4828.cdn4s7.io.vn/media/tin-tuc/nvl_dan-xe-1.jpg]
[vinfastdungthobinhxuyen.vn/chinh-sach-ban-hang-o-to-vinfast-thang-122024.html]
[vinfastdungthobinhxuyen.vn/tag/chinh-sach-ban-hang-thang-12.html]
[cdn4828.cdn4s7.io.vn/media/gioi-thieu/bao-hanh-phu-tung_1675929346.jpg]
[vinfastdungthobinhxuyen.vn/dich-vu-sua-chua.html]
[cdn4828.cdn4s7.io.vn/media/gioi-thieu/pham-vi-bao-hanh_1675929408.jpg]
[vinfastdungthobinhxuyen.vn/bao-duong-dinh-ky.html]
[cdn4828.cdn4s7.io.vn/media/gioi-thieu/hang-muc-khong-thuoc-pham-vi-bao-hanh_1675929374.jpg]
[cdn4828.cdn4s7.io.vn/media/gioi-thieu/chi-tiet-gioi-han-bao-hanh_1675929360.jpg]
[vinfastdungthobinhxuyen.vn/tag/huong-dan-su-dung.html]
[vinfastdungthobinhxuyen.vn/tag/chinh-sach-bao-hanh.html]
[vinfastdungthobinhxuyen.vn/tag/bao-duong.html]
[vinfastdungthobinhxuyen.vn/bao-hanh-sua-chua.html]
[vinfastdungthobinhxuyen.vn/member/login.html]
[vinfastdungthobinhxuyen.vn/tag/bao-hanh.html]
[vinfastdungthobinhxuyen.vn/chinh-sach-ban-hang-thang-1]
[vinfastdungthobinhxuyen.vn/tag/chinh-sach-ban-hang-thang-1.html]
[vinfastdungthobinhxuyen.vn/chinh-sach-thue-pin]
[vinfastdungthobinhxuyen.vn/tag/chinh-sach-thue-pin.html]
[vinfastdungthobinhxuyen.vn/chinh-sach-ban-hang-thang-12]
[vinfastdungthobinhxuyen.vn/tag/chinh-sach-ban-hang-thang-12.html]
[vinfastdungthobinhxuyen.vn/huong-dan-su-dung]
[vinfastdungthobinhxuyen.vn/tag/huong-dan-su-dung.html]
[vinfastdungthobinhxuyen.vn/chinh-sach-bao-hanh]
[vinfastdungthobinhxuyen.vn/tag/chinh-sach-bao-hanh.html]
[vinfastdungthobinhxuyen.vn/bao-duong]
[vinfastdungthobinhxuyen.vn/tag/bao-duong.html]
[vinfastdungthobinhxuyen.vn/bao-hanh]
[vinfastdungthobinhxuyen.vn/tag/bao-hanh.html]
[cdn4828.cdn4s7.io.vnmedia/content/mf4g30h2vt9cozayw1lq.jpg]
[cdn4828.cdn4s7.io.vnmedia/content/24hogt0b83ws9q5uicjf.jpg]
[cdn4828.cdn4s7.io.vnmedia/content/xus0l98kpto2cyhd743j.jpg]
[cdn4828.cdn4s7.io.vnmedia/content/ukc1a5e0xqtniwfsjgpl.jpg]
[cdn4828.cdn4s7.io.vnmedia/content/zg9rfhwi6mbk0jpo58t1.jpg]
[cdn4828.cdn4s7.io.vnmedia/content/pj04sh6nq2elitx7kawy.jpg]
[cdn4828.cdn4s7.io.vnmedia/content/mz4lf0aswtcrpkidx98v.jpg]
[cdn4828.cdn4s7.io.vnmedia/content/tc1iehgub7dmsxy6rnp8.jpg]
[cdn4828.cdn4s7.io.vnmedia/content/u3td7c9fpbq6kx180g2m.jpg]
[cdn4828.cdn4s7.io.vnmedia/content/w7eklsd56j9qhcbf3am0.jpg]
[cdn4828.cdn4s7.io.vnmedia/content/tb1i85sfr6342pcldwuz.jpg]
[cdn4828.cdn4s7.io.vnmedia/content/z8dp0a2ngx7oe9bstkyw.jpg]
[cdn4828.cdn4s7.io.vnmedia/content/e4lyxtc3hj79sairfzvw.jpg]
[cdn4828.cdn4s7.io.vnmedia/content/lcsjv5u7123tfnr96wpz.jpg]
[cdn4828.cdn4s7.io.vnmedia/content/ds7wnoxm61keub0r2tjl.jpg]
[cdn4828.cdn4s7.io.vnmedia/content/exycj9duo3wp2ak158st.jpg]
[cdn4828.cdn4s7.io.vnmedia/content/nh5q82celkbvmfj67got.jpg]
[cdn4828.cdn4s7.io.vnmedia/content/7jqwtc8hae1bg2v3rlop.jpg]
[cdn4828.cdn4s7.io.vnmedia/content/dmwvo5ahub84z7k6expl.jpg]
[cdn4828.cdn4s7.io.vnmedia/content/g8jfrk3tvusaqxdp56bh.jpg]
[cdn4828.cdn4s7.io.vnmedia/content/bf1amr3h27gnxzu4sqkp.jpg]
[cdn4828.cdn4s7.io.vnmedia/content/9h0wgfa5d4unbtorz1x2.jpg]
[cdn4828.cdn4s7.io.vnmedia/content/u19omlz0pxtrknc62hje.jpg]
[cdn4828.cdn4s7.io.vnmedia/content/3whl6mjd40y5kr2zbpag.png]
[cdn4828.cdn4s7.io.vnmedia/content/yiu0hozke91dqm2afnvj.jpg]
[cdn4828.cdn4s7.io.vnmedia/content/g38697szulrodi0faxyp.jpg]
[cdn4828.cdn4s7.io.vnmedia/content/69kg3dn17qmbzv4whexr.jpg]
[cdn4828.cdn4s7.io.vnmedia/content/z5glxuvkj162ie07apf3.jpg]
[vinfastdungthobinhxuyen.vn/chinh-sach-ban-hang-thang-1.html]
[vinfastdungthobinhxuyen.vn/chinh-sach-thue-pin.html]
[vinfastdungthobinhxuyen.vn/chinh-sach-ban-hang-thang-12.html]
[vinfastdungthobinhxuyen.vn/huong-dan-su-dung.html]
[vinfastdungthobinhxuyen.vn/chinh-sach-bao-hanh.html]
[vinfastdungthobinhxuyen.vn/bao-duong.html]
[vinfastdungthobinhxuyen.vn/bao-hanh.html]
[cdn4828.cdn4s7.io.vnmedia/content/n39ldu87kpm1vacowrhq.png]
[cdn4828.cdn4s7.io.vnmedia/content/myzbw53lds0uv9c8kepg.png]
[cdn4828.cdn4s7.io.vnmedia/content/z5rlb14mu3wjcionekx0.png]
[cdn4828.cdn4s7.io.vnmedia/content/gajl5fhpyzt26mcbkirs.png]
[cdn4828.cdn4s7.io.vnmedia/content/52dbue810cz3ksijfgor.png]
[cdn4828.cdn4s7.io.vnmedia/content/itslpv8wqexdm9g7h4bk.png]
[cdn4828.cdn4s7.io.vnmedia/content/6tqfg4l9ydaso7hcbmxn.png]
[cdn4828.cdn4s7.io.vnmedia/content/vsx89gmk5pbd3w4l16hf.png]
[cdn4828.cdn4s7.io.vnmedia/content/o1sijd6k059hfmxtg4z2.png]
[cdn4828.cdn4s7.io.vnmedia/content/s3oe6dur7qfxzin985la.png]
[cdn4828.cdn4s7.io.vnmedia/content/9clwtjxasro4y1kfi06v.png]
[cdn4828.cdn4s7.io.vnmedia/content/dp15i7y9sgqjh62ef0bk.png]
[cdn4828.cdn4s7.io.vnmedia/content/mqwepfnxzru9ilyt40sv.png]
[cdn4828.cdn4s7.io.vnmedia/content/gp4ojrbkyizemuh1fl30.png]
